[parallelcoin.info/index.html]
[backblue.gif]
[fade.gif]
[index.html]
[parallelcoin.info/images/favicon.ico]
[parallelcoin.info/js/jquery.min.js]
[parallelcoin.info/js/jquery.scrolly.min.js]
[parallelcoin.info/js/skel.min.js]
[parallelcoin.info/js/init.js]
[parallelcoin.info/css/skel.css]
[parallelcoin.info/css/style.css]
[parallelcoin.info/css/style-desktop.css]
[parallelcoin.info/images/logo1.svg]
[parallelcoin.info/download/Parallelcoin-qt-v1.2.0.0-Win.zip]
[parallelcoin.info/index.html]
[parallelcoin.info/css/skel.css]
[parallelcoin.info/css/font-awesome.min.css]
[parallelcoin.info/images/bg01.jpg]
[parallelcoin.info/css/images/bg.png]
[parallelcoin.info/css/style.css]
[parallelcoin.info/css/style-desktop.css]
[parallelcoin.info/images/logo1.svg]
[parallelcoin.info/fonts/fontawesome-webfont78ce.eot]
[parallelcoin.info/fonts/fontawesome-webfontd41d.eot]
[parallelcoin.info/fonts/fontawesome-webfont78ce.woff]
[parallelcoin.info/fonts/fontawesome-webfont78ce.ttf]
[parallelcoin.info/css/font-awesome.min.css]
[parallelcoin.info/fonts/fontawesome-webfont78ce.svg]
[parallelcoin.info/fonts/fontawesome-webfont78ce.svg]
